******************************************************************************
                  TI ARM Linker PC v18.1.3                     
******************************************************************************
>> Linked Tue Jan  8 20:00:07 2019

OUTPUT FILE NAME:   <empty_project.out>
ENTRY POINT SYMBOL: "_c_int00_noargs"  address: 000006f5


MEMORY CONFIGURATION

         name            origin    length      used     unused   attr    fill
----------------------  --------  ---------  --------  --------  ----  --------
  MAIN                  00000000   00040000  000007aa  0003f856  R  X
  INFO                  00200000   00004000  00000000  00004000  R  X
  SRAM_CODE             01000000   00010000  00000000  00010000  RW X
  SRAM_DATA             20000000   00010000  00000271  0000fd8f  RW  


SEGMENT ALLOCATION MAP

run origin  load origin   length   init length attrs members
----------  ----------- ---------- ----------- ----- -------
00000000    00000000    000007b0   000007b0    r-x
  00000000    00000000    00000140   00000140    r-- .intvecs
  00000140    00000140    0000063a   0000063a    r-x .text
  00000780    00000780    00000030   00000030    r-- .cinit
20000000    20000000    00000071   00000000    rw-
  20000000    20000000    0000006c   00000000    rw- .bss
  2000006c    2000006c    00000005   00000000    rw- .data
2000fe00    2000fe00    00000200   00000000    rw-
  2000fe00    2000fe00    00000200   00000000    rw- .stack


SECTION ALLOCATION MAP

 output                                  attributes/
section   page    origin      length       input sections
--------  ----  ----------  ----------   ----------------
.intvecs   0    00000000    00000140     
                  00000000    00000140     startup_msp432p401r_ccs.obj (.intvecs:retain)

.text      0    00000140    0000063a     
                  00000140    00000328     system_msp432p401r.obj (.text)
                  00000468    00000144     uart.obj (.text)
                  000005ac    0000009c     rtsv7M4_T_le_v4SPD16_eabi.lib : memcpy_t2.asm.obj (.text)
                  00000648    00000068                                   : copy_decompress_lzss.c.obj (.text:decompress:lzss:__TI_decompress_lzss)
                  000006b0    00000044                                   : autoinit.c.obj (.text:__TI_auto_init_nobinit_nopinit:__TI_auto_init_nobinit_nopinit)
                  000006f4    00000038                                   : boot_cortex_m.c.obj (.text:_c_int00_noargs:_c_int00_noargs)
                  0000072c    00000014     main.obj (.text)
                  00000740    00000012     rtsv7M4_T_le_v4SPD16_eabi.lib : copy_zero_init.c.obj (.text:decompress:ZI:__TI_zero_init_nomemset:__TI_zero_init_nomemset)
                  00000752    00000012     startup_msp432p401r_ccs.obj (.text)
                  00000764    0000000e     rtsv7M4_T_le_v4SPD16_eabi.lib : copy_decompress_none.c.obj (.text:decompress:none:__TI_decompress_none)
                  00000772    00000004                                   : pre_init.c.obj (.text:_system_pre_init)
                  00000776    00000004                                   : exit.c.obj (.text:abort:abort)

.cinit     0    00000780    00000030     
                  00000780    0000000c     (__TI_handler_table)
                  0000078c    00000009     (.cinit..data.load) [load image, compression = lzss]
                  00000795    00000003     --HOLE-- [fill = 0]
                  00000798    00000008     (.cinit..bss.load) [load image, compression = zero_init]
                  000007a0    00000010     (__TI_cinit_table)

.init_array 
*          0    00000000    00000000     UNINITIALIZED

.bss       0    20000000    0000006c     UNINITIALIZED
                  20000000    00000064     (.common:buffer)
                  20000064    00000004     (.common:blink_rate)
                  20000068    00000004     (.common:buffer_index)

.data      0    2000006c    00000005     UNINITIALIZED
                  2000006c    00000004     system_msp432p401r.obj (.data)
                  20000070    00000001     uart.obj (.data)

.stack     0    2000fe00    00000200     UNINITIALIZED
                  2000fe00    00000004     rtsv7M4_T_le_v4SPD16_eabi.lib : boot_cortex_m.c.obj (.stack)
                  2000fe04    000001fc     --HOLE--

MODULE SUMMARY

       Module                        code   ro data   rw data
       ------                        ----   -------   -------
    .\
       system_msp432p401r.obj        808    0         4      
       uart.obj                      324    0         109    
       startup_msp432p401r_ccs.obj   18     320       0      
       main.obj                      20     0         0      
    +--+-----------------------------+------+---------+---------+
       Total:                        1170   320       113    
                                                             
    C:\ti\ccsv8\tools\compiler\ti-cgt-arm_18.1.3.LTS\lib\rtsv7M4_T_le_v4SPD16_eabi.lib
       memcpy_t2.asm.obj             156    0         0      
       copy_decompress_lzss.c.obj    104    0         0      
       autoinit.c.obj                68     0         0      
       boot_cortex_m.c.obj           56     0         0      
       copy_zero_init.c.obj          18     0         0      
       copy_decompress_none.c.obj    14     0         0      
       exit.c.obj                    4      0         0      
       pre_init.c.obj                4      0         0      
    +--+-----------------------------+------+---------+---------+
       Total:                        424    0         0      
                                                             
       Stack:                        0      0         512    
       Linker Generated:             0      45        0      
    +--+-----------------------------+------+---------+---------+
       Grand Total:                  1594   365       625    


LINKER GENERATED COPY TABLES

__TI_cinit_table @ 000007a0 records: 2, size/record: 8, table size: 16
	.data: load addr=0000078c, load size=00000009 bytes, run addr=2000006c, run size=00000005 bytes, compression=lzss
	.bss: load addr=00000798, load size=00000008 bytes, run addr=20000000, run size=0000006c bytes, compression=zero_init


LINKER GENERATED HANDLER TABLE

__TI_handler_table @ 00000780 records: 3, size/record: 4, table size: 12
	index: 0, handler: __TI_decompress_lzss
	index: 1, handler: __TI_decompress_none
	index: 2, handler: __TI_zero_init


GLOBAL SYMBOLS: SORTED ALPHABETICALLY BY Name 

address   name                          
-------   ----                          
00000777  C$$EXIT                       
000004c9  EUSCIA2_IRQHandler            
2000006c  SystemCoreClock               
00000141  SystemCoreClockUpdate         
000003b5  SystemInit                    
00000469  UART2_init                    
4000480c  WDTCTL_SYM                    
20010000  __STACK_END                   
00000200  __STACK_SIZE                  
000007a0  __TI_CINIT_Base               
000007b0  __TI_CINIT_Limit              
00000780  __TI_Handler_Table_Base       
0000078c  __TI_Handler_Table_Limit      
000006b1  __TI_auto_init_nobinit_nopinit
00000649  __TI_decompress_lzss          
00000765  __TI_decompress_none          
ffffffff  __TI_pprof_out_hndl           
ffffffff  __TI_prof_data_size           
ffffffff  __TI_prof_data_start          
00000000  __TI_static_base__            
00000741  __TI_zero_init_nomemset       
000005ad  __aeabi_memcpy                
000005ad  __aeabi_memcpy4               
000005ad  __aeabi_memcpy8               
ffffffff  __binit__                     
ffffffff  __c_args__                    
UNDEFED   __mpu_init                    
2000fe00  __stack                       
000006f5  _c_int00_noargs               
UNDEFED   _system_post_cinit            
00000773  _system_pre_init              
00000777  abort                         
ffffffff  binit                         
20000064  blink_rate                    
20000000  buffer                        
20000068  buffer_index                  
00000537  check_buffer                  
00000000  interruptVectors              
0000072d  main                          
000005ad  memcpy                        
20000070  received_data                 


GLOBAL SYMBOLS: SORTED BY Symbol Address 

address   name                          
-------   ----                          
00000000  __TI_static_base__            
00000000  interruptVectors              
00000141  SystemCoreClockUpdate         
00000200  __STACK_SIZE                  
000003b5  SystemInit                    
00000469  UART2_init                    
000004c9  EUSCIA2_IRQHandler            
00000537  check_buffer                  
000005ad  __aeabi_memcpy                
000005ad  __aeabi_memcpy4               
000005ad  __aeabi_memcpy8               
000005ad  memcpy                        
00000649  __TI_decompress_lzss          
000006b1  __TI_auto_init_nobinit_nopinit
000006f5  _c_int00_noargs               
0000072d  main                          
00000741  __TI_zero_init_nomemset       
00000765  __TI_decompress_none          
00000773  _system_pre_init              
00000777  C$$EXIT                       
00000777  abort                         
00000780  __TI_Handler_Table_Base       
0000078c  __TI_Handler_Table_Limit      
000007a0  __TI_CINIT_Base               
000007b0  __TI_CINIT_Limit              
20000000  buffer                        
20000064  blink_rate                    
20000068  buffer_index                  
2000006c  SystemCoreClock               
20000070  received_data                 
2000fe00  __stack                       
20010000  __STACK_END                   
4000480c  WDTCTL_SYM                    
ffffffff  __TI_pprof_out_hndl           
ffffffff  __TI_prof_data_size           
ffffffff  __TI_prof_data_start          
ffffffff  __binit__                     
ffffffff  __c_args__                    
ffffffff  binit                         
UNDEFED   __mpu_init                    
UNDEFED   _system_post_cinit            

[41 symbols]
