******************************************************************************
                  TI ARM Linker PC v18.1.3                     
******************************************************************************
>> Linked Tue Jan  8 20:17:57 2019

OUTPUT FILE NAME:   <Lab1.out>
ENTRY POINT SYMBOL: "_c_int00_noargs"  address: 00000755


MEMORY CONFIGURATION

         name            origin    length      used     unused   attr    fill
----------------------  --------  ---------  --------  --------  ----  --------
  MAIN                  00000000   00040000  0000080e  0003f7f2  R  X
  INFO                  00200000   00004000  00000000  00004000  R  X
  SRAM_CODE             01000000   00010000  00000000  00010000  RW X
  SRAM_DATA             20000000   00010000  00000275  0000fd8b  RW  


SEGMENT ALLOCATION MAP

run origin  load origin   length   init length attrs members
----------  ----------- ---------- ----------- ----- -------
00000000    00000000    00000810   00000810    r-x
  00000000    00000000    00000140   00000140    r-- .intvecs
  00000140    00000140    0000069e   0000069e    r-x .text
  000007e0    000007e0    00000030   00000030    r-- .cinit
20000000    20000000    00000075   00000000    rw-
  20000000    20000000    00000070   00000000    rw- .bss
  20000070    20000070    00000005   00000000    rw- .data
2000fe00    2000fe00    00000200   00000000    rw-
  2000fe00    2000fe00    00000200   00000000    rw- .stack


SECTION ALLOCATION MAP

 output                                  attributes/
section   page    origin      length       input sections
--------  ----  ----------  ----------   ----------------
.intvecs   0    00000000    00000140     
                  00000000    00000140     startup_msp432p401r_ccs.obj (.intvecs:retain)

.text      0    00000140    0000069e     
                  00000140    00000328     system_msp432p401r.obj (.text)
                  00000468    000001a4     uart.obj (.text)
                  0000060c    0000009c     rtsv7M4_T_le_v4SPD16_eabi.lib : memcpy_t2.asm.obj (.text)
                  000006a8    00000068                                   : copy_decompress_lzss.c.obj (.text:decompress:lzss:__TI_decompress_lzss)
                  00000710    00000044                                   : autoinit.c.obj (.text:__TI_auto_init_nobinit_nopinit:__TI_auto_init_nobinit_nopinit)
                  00000754    00000038                                   : boot_cortex_m.c.obj (.text:_c_int00_noargs:_c_int00_noargs)
                  0000078c    00000018     main.obj (.text)
                  000007a4    00000012     rtsv7M4_T_le_v4SPD16_eabi.lib : copy_zero_init.c.obj (.text:decompress:ZI:__TI_zero_init_nomemset:__TI_zero_init_nomemset)
                  000007b6    00000012     startup_msp432p401r_ccs.obj (.text)
                  000007c8    0000000e     rtsv7M4_T_le_v4SPD16_eabi.lib : copy_decompress_none.c.obj (.text:decompress:none:__TI_decompress_none)
                  000007d6    00000004                                   : pre_init.c.obj (.text:_system_pre_init)
                  000007da    00000004                                   : exit.c.obj (.text:abort:abort)

.cinit     0    000007e0    00000030     
                  000007e0    0000000c     (__TI_handler_table)
                  000007ec    00000009     (.cinit..data.load) [load image, compression = lzss]
                  000007f5    00000003     --HOLE-- [fill = 0]
                  000007f8    00000008     (.cinit..bss.load) [load image, compression = zero_init]
                  00000800    00000010     (__TI_cinit_table)

.init_array 
*          0    00000000    00000000     UNINITIALIZED

.bss       0    20000000    00000070     UNINITIALIZED
                  20000000    00000064     (.common:buffer)
                  20000064    00000004     (.common:blink_rate)
                  20000068    00000004     (.common:buffer_index)
                  2000006c    00000004     (.common:i)

.data      0    20000070    00000005     UNINITIALIZED
                  20000070    00000004     system_msp432p401r.obj (.data)
                  20000074    00000001     uart.obj (.data)

.stack     0    2000fe00    00000200     UNINITIALIZED
                  2000fe00    00000004     rtsv7M4_T_le_v4SPD16_eabi.lib : boot_cortex_m.c.obj (.stack)
                  2000fe04    000001fc     --HOLE--

MODULE SUMMARY

       Module                        code   ro data   rw data
       ------                        ----   -------   -------
    .\
       system_msp432p401r.obj        808    0         4      
       uart.obj                      420    0         113    
       startup_msp432p401r_ccs.obj   18     320       0      
       main.obj                      24     0         0      
    +--+-----------------------------+------+---------+---------+
       Total:                        1270   320       117    
                                                             
    C:\ti\ccsv8\tools\compiler\ti-cgt-arm_18.1.3.LTS\lib\rtsv7M4_T_le_v4SPD16_eabi.lib
       memcpy_t2.asm.obj             156    0         0      
       copy_decompress_lzss.c.obj    104    0         0      
       autoinit.c.obj                68     0         0      
       boot_cortex_m.c.obj           56     0         0      
       copy_zero_init.c.obj          18     0         0      
       copy_decompress_none.c.obj    14     0         0      
       exit.c.obj                    4      0         0      
       pre_init.c.obj                4      0         0      
    +--+-----------------------------+------+---------+---------+
       Total:                        424    0         0      
                                                             
       Stack:                        0      0         512    
       Linker Generated:             0      45        0      
    +--+-----------------------------+------+---------+---------+
       Grand Total:                  1694   365       629    


LINKER GENERATED COPY TABLES

__TI_cinit_table @ 00000800 records: 2, size/record: 8, table size: 16
	.data: load addr=000007ec, load size=00000009 bytes, run addr=20000070, run size=00000005 bytes, compression=lzss
	.bss: load addr=000007f8, load size=00000008 bytes, run addr=20000000, run size=00000070 bytes, compression=zero_init


LINKER GENERATED HANDLER TABLE

__TI_handler_table @ 000007e0 records: 3, size/record: 4, table size: 12
	index: 0, handler: __TI_decompress_lzss
	index: 1, handler: __TI_decompress_none
	index: 2, handler: __TI_zero_init


GLOBAL SYMBOLS: SORTED ALPHABETICALLY BY Name 

address   name                          
-------   ----                          
000007db  C$$EXIT                       
000004f1  EUSCIA2_IRQHandler            
20000070  SystemCoreClock               
00000141  SystemCoreClockUpdate         
000003b5  SystemInit                    
00000469  UART2_init                    
4000480c  WDTCTL_SYM                    
20010000  __STACK_END                   
00000200  __STACK_SIZE                  
00000800  __TI_CINIT_Base               
00000810  __TI_CINIT_Limit              
000007e0  __TI_Handler_Table_Base       
000007ec  __TI_Handler_Table_Limit      
00000711  __TI_auto_init_nobinit_nopinit
000006a9  __TI_decompress_lzss          
000007c9  __TI_decompress_none          
ffffffff  __TI_pprof_out_hndl           
ffffffff  __TI_prof_data_size           
ffffffff  __TI_prof_data_start          
00000000  __TI_static_base__            
000007a5  __TI_zero_init_nomemset       
0000060d  __aeabi_memcpy                
0000060d  __aeabi_memcpy4               
0000060d  __aeabi_memcpy8               
ffffffff  __binit__                     
ffffffff  __c_args__                    
UNDEFED   __mpu_init                    
2000fe00  __stack                       
00000755  _c_int00_noargs               
UNDEFED   _system_post_cinit            
000007d7  _system_pre_init              
000007db  abort                         
ffffffff  binit                         
20000064  blink_rate                    
20000000  buffer                        
20000068  buffer_index                  
0000055f  check_buffer                  
2000006c  i                             
00000000  interruptVectors              
0000078d  main                          
0000060d  memcpy                        
20000074  received_data                 


GLOBAL SYMBOLS: SORTED BY Symbol Address 

address   name                          
-------   ----                          
00000000  __TI_static_base__            
00000000  interruptVectors              
00000141  SystemCoreClockUpdate         
00000200  __STACK_SIZE                  
000003b5  SystemInit                    
00000469  UART2_init                    
000004f1  EUSCIA2_IRQHandler            
0000055f  check_buffer                  
0000060d  __aeabi_memcpy                
0000060d  __aeabi_memcpy4               
0000060d  __aeabi_memcpy8               
0000060d  memcpy                        
000006a9  __TI_decompress_lzss          
00000711  __TI_auto_init_nobinit_nopinit
00000755  _c_int00_noargs               
0000078d  main                          
000007a5  __TI_zero_init_nomemset       
000007c9  __TI_decompress_none          
000007d7  _system_pre_init              
000007db  C$$EXIT                       
000007db  abort                         
000007e0  __TI_Handler_Table_Base       
000007ec  __TI_Handler_Table_Limit      
00000800  __TI_CINIT_Base               
00000810  __TI_CINIT_Limit              
20000000  buffer                        
20000064  blink_rate                    
20000068  buffer_index                  
2000006c  i                             
20000070  SystemCoreClock               
20000074  received_data                 
2000fe00  __stack                       
20010000  __STACK_END                   
4000480c  WDTCTL_SYM                    
ffffffff  __TI_pprof_out_hndl           
ffffffff  __TI_prof_data_size           
ffffffff  __TI_prof_data_start          
ffffffff  __binit__                     
ffffffff  __c_args__                    
ffffffff  binit                         
UNDEFED   __mpu_init                    
UNDEFED   _system_post_cinit            

[42 symbols]
